// Jest Snapshot v1, https://goo.gl/fbAQLP

exports[`renders correctly 1`] = `
<View
  style={
    Object {
      "flex": 1,
    }
  }
>
  <View
    style={
      Object {
        "flex": 1,
      }
    }
  >
    <RNCSafeAreaProvider
      onInsetsChange={[Function]}
      style={
        Array [
          Object {
            "flex": 1,
          },
          undefined,
        ]
      }
    >
      <View
        onLayout={[Function]}
        style={
          Object {
            "flex": 1,
          }
        }
      >
        <View
          pointerEvents="box-none"
          style={
            Object {
              "bottom": 0,
              "left": 0,
              "position": "absolute",
              "right": 0,
              "top": 0,
            }
          }
        >
          <View
            accessibilityElementsHidden={false}
            closing={false}
            gestureVelocityImpact={0.3}
            importantForAccessibility="auto"
            onClose={[Function]}
            onGestureBegin={[Function]}
            onGestureCanceled={[Function]}
            onOpen={[Function]}
            onTransitionStart={[Function]}
            pointerEvents="box-none"
            style={
              Object {
                "bottom": 0,
                "left": 0,
                "position": "absolute",
                "right": 0,
                "top": 0,
              }
            }
            transitionSpec={
              Object {
                "close": Object {
                  "animation": "spring",
                  "config": Object {
                    "damping": 500,
                    "mass": 3,
                    "overshootClamping": true,
                    "restDisplacementThreshold": 10,
                    "restSpeedThreshold": 10,
                    "stiffness": 1000,
                  },
                },
                "open": Object {
                  "animation": "spring",
                  "config": Object {
                    "damping": 500,
                    "mass": 3,
                    "overshootClamping": true,
                    "restDisplacementThreshold": 10,
                    "restSpeedThreshold": 10,
                    "stiffness": 1000,
                  },
                },
              }
            }
          >
            <View
              pointerEvents="box-none"
              style={
                Object {
                  "flex": 1,
                  "marginTop": 0,
                  "opacity": 1,
                }
              }
            >
              <View
                collapsable={false}
                forwardedRef={[Function]}
                onGestureHandlerEvent={[Function]}
                onGestureHandlerStateChange={[Function]}
                style={
                  Object {
                    "flex": 1,
                    "transform": Array [
                      Object {
                        "translateX": 0,
                      },
                      Object {
                        "translateX": 0,
                      },
                    ],
                  }
                }
              >
                <View
                  pointerEvents="none"
                  style={
                    Object {
                      "backgroundColor": "rgb(242, 242, 242)",
                      "bottom": 0,
                      "left": 0,
                      "position": "absolute",
                      "shadowColor": "#000",
                      "shadowOffset": Object {
                        "height": 1,
                        "width": -1,
                      },
                      "shadowOpacity": 0.3,
                      "shadowRadius": 5,
                      "top": 0,
                      "width": 3,
                    }
                  }
                />
                <View
                  style={
                    Array [
                      Object {
                        "flex": 1,
                        "overflow": "hidden",
                      },
                      Array [
                        Object {
                          "backgroundColor": "rgb(242, 242, 242)",
                        },
                        undefined,
                      ],
                    ]
                  }
                >
                  <View
                    style={
                      Object {
                        "flex": 1,
                        "flexDirection": "column-reverse",
                      }
                    }
                  >
                    <View
                      style={
                        Object {
                          "flex": 1,
                        }
                      }
                    >
                      <View
                        appearance="default"
                        level="3"
                        style={
                          Array [
                            Object {
                              "backgroundColor": "#EDF1F7",
                            },
                            Object {
                              "flex": 1,
                              "flexDirection": "column",
                              "padding": 14,
                            },
                          ]
                        }
                      >
                        <Text
                          appearance="default"
                          category="h1"
                          style={
                            Array [
                              Object {
                                "color": "#222B45",
                                "fontFamily": "System",
                                "fontSize": 36,
                                "fontWeight": "800",
                              },
                              Object {
                                "fontSize": 40,
                                "fontWeight": "bold",
                                "marginBottom": 5,
                                "marginHorizontal": 10,
                              },
                            ]
                          }
                        >
                          GEO
                        </Text>
                        <View
                          appearance="default"
                          level="3"
                          style={
                            Array [
                              Object {
                                "backgroundColor": "#EDF1F7",
                              },
                              Object {
                                "flexDirection": "column",
                                "justifyContent": "space-between",
                                "padding": 0,
                              },
                            ]
                          }
                        >
                          <RCTScrollView
                            data={
                              Array [
                                Object {
                                  "array": Object {
                                    "one": "topartists",
                                    "two": "artist",
                                  },
                                  "function": "geo.gettopartists",
                                  "id": "artist",
                                  "img": Object {
                                    "testUri": "../../../src/assets/artist.jpeg",
                                  },
                                  "title": "Artists",
                                },
                                Object {
                                  "array": Object {
                                    "one": "tracks",
                                    "two": "track",
                                  },
                                  "function": "geo.gettoptracks",
                                  "id": "tracks",
                                  "img": Object {
                                    "testUri": "../../../src/assets/song.jpeg",
                                  },
                                  "title": "Tracks",
                                },
                              ]
                            }
                            disableVirtualization={false}
                            getItem={[Function]}
                            getItemCount={[Function]}
                            horizontal={false}
                            initialNumToRender={10}
                            keyExtractor={[Function]}
                            maxToRenderPerBatch={10}
                            onContentSizeChange={[Function]}
                            onEndReachedThreshold={2}
                            onLayout={[Function]}
                            onMomentumScrollEnd={[Function]}
                            onScroll={[Function]}
                            onScrollBeginDrag={[Function]}
                            onScrollEndDrag={[Function]}
                            removeClippedSubviews={false}
                            renderItem={[Function]}
                            scrollEventThrottle={50}
                            stickyHeaderIndices={Array []}
                            updateCellsBatchingPeriod={50}
                            viewabilityConfigCallbackPairs={Array []}
                            windowSize={21}
                          >
                            <View>
                              <View
                                onLayout={[Function]}
                                style={null}
                              >
                                <View
                                  accessibilityIgnoresInvertColors={true}
                                  style={
                                    Object {
                                      "borderRadius": 8,
                                      "elevation": 10,
                                      "marginTop": 15,
                                      "width": "100%",
                                    }
                                  }
                                >
                                  <Image
                                    source={
                                      Object {
                                        "testUri": "../../../src/assets/artist.jpeg",
                                      }
                                    }
                                    style={
                                      Array [
                                        Object {
                                          "bottom": 0,
                                          "left": 0,
                                          "position": "absolute",
                                          "right": 0,
                                          "top": 0,
                                        },
                                        Object {
                                          "height": undefined,
                                          "width": "100%",
                                        },
                                        Object {
                                          "borderRadius": 8,
                                        },
                                      ]
                                    }
                                  />
                                  <RNGestureHandlerButton
                                    collapsable={false}
                                    onGestureEvent={[Function]}
                                    onGestureHandlerEvent={[Function]}
                                    onGestureHandlerStateChange={[Function]}
                                    onHandlerStateChange={[Function]}
                                    rippleColor={0}
                                    style={
                                      Array [
                                        Object {
                                          "overflow": "hidden",
                                        },
                                        undefined,
                                      ]
                                    }
                                  >
                                    <View
                                      accessible={true}
                                      style={
                                        Object {
                                          "opacity": 1,
                                        }
                                      }
                                    >
                                      <View
                                        style={
                                          Object {
                                            "backgroundColor": "rgba(23,63,95,0.6)",
                                            "borderRadius": 8,
                                            "padding": 30,
                                          }
                                        }
                                      >
                                        <Text
                                          appearance="default"
                                          category="c1"
                                          style={
                                            Array [
                                              Object {
                                                "color": "#222B45",
                                                "fontFamily": "System",
                                                "fontSize": 12,
                                                "fontWeight": "400",
                                              },
                                              Object {
                                                "color": "white",
                                              },
                                            ]
                                          }
                                        >
                                          Top List of
                                        </Text>
                                        <Text
                                          appearance="default"
                                          category="h4"
                                          style={
                                            Array [
                                              Object {
                                                "color": "#222B45",
                                                "fontFamily": "System",
                                                "fontSize": 26,
                                                "fontWeight": "800",
                                              },
                                              Object {
                                                "color": "white",
                                              },
                                            ]
                                          }
                                        >
                                          Artists
                                        </Text>
                                      </View>
                                    </View>
                                  </RNGestureHandlerButton>
                                </View>
                              </View>
                              <View
                                onLayout={[Function]}
                                style={null}
                              >
                                <View
                                  accessibilityIgnoresInvertColors={true}
                                  style={
                                    Object {
                                      "borderRadius": 8,
                                      "elevation": 10,
                                      "marginTop": 15,
                                      "width": "100%",
                                    }
                                  }
                                >
                                  <Image
                                    source={
                                      Object {
                                        "testUri": "../../../src/assets/song.jpeg",
                                      }
                                    }
                                    style={
                                      Array [
                                        Object {
                                          "bottom": 0,
                                          "left": 0,
                                          "position": "absolute",
                                          "right": 0,
                                          "top": 0,
                                        },
                                        Object {
                                          "height": undefined,
                                          "width": "100%",
                                        },
                                        Object {
                                          "borderRadius": 8,
                                        },
                                      ]
                                    }
                                  />
                                  <RNGestureHandlerButton
                                    collapsable={false}
                                    onGestureEvent={[Function]}
                                    onGestureHandlerEvent={[Function]}
                                    onGestureHandlerStateChange={[Function]}
                                    onHandlerStateChange={[Function]}
                                    rippleColor={0}
                                    style={
                                      Array [
                                        Object {
                                          "overflow": "hidden",
                                        },
                                        undefined,
                                      ]
                                    }
                                  >
                                    <View
                                      accessible={true}
                                      style={
                                        Object {
                                          "opacity": 1,
                                        }
                                      }
                                    >
                                      <View
                                        style={
                                          Object {
                                            "backgroundColor": "rgba(23,63,95,0.6)",
                                            "borderRadius": 8,
                                            "padding": 30,
                                          }
                                        }
                                      >
                                        <Text
                                          appearance="default"
                                          category="c1"
                                          style={
                                            Array [
                                              Object {
                                                "color": "#222B45",
                                                "fontFamily": "System",
                                                "fontSize": 12,
                                                "fontWeight": "400",
                                              },
                                              Object {
                                                "color": "white",
                                              },
                                            ]
                                          }
                                        >
                                          Top List of
                                        </Text>
                                        <Text
                                          appearance="default"
                                          category="h4"
                                          style={
                                            Array [
                                              Object {
                                                "color": "#222B45",
                                                "fontFamily": "System",
                                                "fontSize": 26,
                                                "fontWeight": "800",
                                              },
                                              Object {
                                                "color": "white",
                                              },
                                            ]
                                          }
                                        >
                                          Tracks
                                        </Text>
                                      </View>
                                    </View>
                                  </RNGestureHandlerButton>
                                </View>
                              </View>
                            </View>
                          </RCTScrollView>
                        </View>
                      </View>
                    </View>
                  </View>
                </View>
              </View>
            </View>
          </View>
        </View>
      </View>
      <View
        pointerEvents="box-none"
        style={
          Array [
            Object {
              "zIndex": 1,
            },
            Object {
              "left": 0,
              "position": "absolute",
              "right": 0,
              "top": 0,
            },
          ]
        }
      />
    </RNCSafeAreaProvider>
  </View>
</View>
`;
